53 INFO: PyInstaller: 6.22.3, contrib hooks: 2026.8
54 INFO: Python: 3.14.3
64 INFO: Platform: macOS-15.6.1-arm64-arm-64bit-Mach-O
64 INFO: Python environment: /Users/a1111/schcool/diplom/gesture-control/.venv
68 INFO: Removing temporary files and cleaning cache in /Users/a1111/schcool/diplom/gesture-control/build/pyinstaller-cache/pyinstaller
116 INFO: Module search paths (PYTHONPATH):
['/Users/a1111/schcool/diplom/gesture-control',
 '/opt/homebrew/Cellar/python@3.14/3.14.3_1/Frameworks/Python.framework/Versions/3.14/lib/python314.zip',
 '/opt/homebrew/Cellar/python@3.14/3.14.3_1/Frameworks/Python.framework/Versions/3.14/lib/python3.14',
 '/opt/homebrew/Cellar/python@3.14/3.14.3_1/Frameworks/Python.framework/Versions/3.14/lib/python3.14/lib-dynload',
 '/Users/a1111/schcool/diplom/gesture-control/.venv/lib/python3.14/site-packages',
 '/Users/a1111/schcool/diplom/gesture-control']
272 INFO: Appending 'binaries' from .spec
272 INFO: Appending 'datas' from .spec
272 INFO: checking Analysis
272 INFO: Building Analysis because Analysis-00.toc is non existent
272 INFO: Looking for Python shared library...
275 INFO: Using Python shared library: /opt/homebrew/Cellar/python@3.14/3.14.3_1/Frameworks/Python.framework/Versions/3.14/Python
275 INFO: Running Analysis Analysis-00.toc
275 INFO: Target bytecode optimization level: 0
275 INFO: Initializing module dependency graph...
276 INFO: Initializing module graph hook caches...
281 INFO: Analyzing modules for base_library.zip ...
1088 INFO: Processing standard module hook 'hook-encodings.py' from '/Users/a1111/schcool/diplom/gesture-control/.venv/lib/python3.14/site-packages/PyInstaller/hooks'
1282 INFO: Processing standard module hook 'hook-math.py' from '/Users/a1111/schcool/diplom/gesture-control/.venv/lib/python3.14/site-packages/PyInstaller/hooks'
2385 INFO: Processing standard module hook 'hook-difflib.py' from '/Users/a1111/schcool/diplom/gesture-control/.venv/lib/python3.14/site-packages/PyInstaller/hooks'
2394 INFO: Processing standard module hook 'hook-heapq.py' from '/Users/a1111/schcool/diplom/gesture-control/.venv/lib/python3.14/site-packages/PyInstaller/hooks'
2477 INFO: Processing standard module hook 'hook-pickle.py' from '/Users/a1111/schcool/diplom/gesture-control/.venv/lib/python3.14/site-packages/PyInstaller/hooks'
3530 INFO: Caching module dependency graph...
3548 INFO: Analyzing /Users/a1111/schcool/diplom/gesture-control/desktop_launcher.py
3575 INFO: Processing standard module hook 'hook-platform.py' from '/Users/a1111/schcool/diplom/gesture-control/.venv/lib/python3.14/site-packages/PyInstaller/hooks'
3598 INFO: Processing standard module hook 'hook-xml.py' from '/Users/a1111/schcool/diplom/gesture-control/.venv/lib/python3.14/site-packages/PyInstaller/hooks'
3629 INFO: Processing standard module hook 'hook-sysconfig.py' from '/Users/a1111/schcool/diplom/gesture-control/.venv/lib/python3.14/site-packages/PyInstaller/hooks'
3640 INFO: Processing standard module hook 'hook-_osx_support.py' from '/Users/a1111/schcool/diplom/gesture-control/.venv/lib/python3.14/site-packages/PyInstaller/hooks'
3644 INFO: Processing standard module hook 'hook-_ctypes.py' from '/Users/a1111/schcool/diplom/gesture-control/.venv/lib/python3.14/site-packages/PyInstaller/hooks'
3656 INFO: Processing standard module hook 'hook-cv2.py' from '/Users/a1111/schcool/diplom/gesture-control/.venv/lib/python3.14/site-packages/_pyinstaller_hooks_contrib/stdhooks'
3894 INFO: Processing standard module hook 'hook-numpy.py' from '/Users/a1111/schcool/diplom/gesture-control/.venv/lib/python3.14/site-packages/PyInstaller/hooks'
4369 INFO: Processing standard module hook 'hook-multiprocessing.util.py' from '/Users/a1111/schcool/diplom/gesture-control/.venv/lib/python3.14/site-packages/PyInstaller/hooks'
5687 INFO: Processing standard module hook 'hook-webbrowser.py' from '/Users/a1111/schcool/diplom/gesture-control/.venv/lib/python3.14/site-packages/PyInstaller/hooks'
5726 INFO: Processing standard module hook 'hook-psutil.py' from '/Users/a1111/schcool/diplom/gesture-control/.venv/lib/python3.14/site-packages/_pyinstaller_hooks_contrib/stdhooks'
6299 INFO: Processing pre-safe-import-module hook 'hook-typing_extensions.py' from '/Users/a1111/schcool/diplom/gesture-control/.venv/lib/python3.14/site-packages/PyInstaller/hooks/pre_safe_import_module'
6300 INFO: SetuptoolsInfo: initializing cached setuptools info...
6945 INFO: Processing standard module hook 'hook-charset_normalizer.py' from '/Users/a1111/schcool/diplom/gesture-control/.venv/lib/python3.14/site-packages/_pyinstaller_hooks_contrib/stdhooks'
7247 INFO: Processing standard module hook 'hook-torch.py' from '/Users/a1111/schcool/diplom/gesture-control/.venv/lib/python3.14/site-packages/_pyinstaller_hooks_contrib/stdhooks'
675 WARNING: Failed to collect submodules for 'torch.utils.tensorboard' because importing 'torch.utils.tensorboard' raised: ModuleNotFoundError: No module named 'tensorboard'
W1009 02:45:59.513000 99845 .venv/lib/python3.14/site-packages/torch/distributed/elastic/multiprocessing/redirects.py:29] NOTE: Redirects are currently not supported in Windows or MacOs.
/Users/a1111/schcool/diplom/gesture-control/.venv/lib/python3.14/site-packages/PyInstaller/utils/hooks/__init__.py:665: DeprecationWarning: `torch.distributed._sharding_spec` will be deprecated, use `torch.distributed._shard.sharding_spec` instead
  __import__(name)
/Users/a1111/schcool/diplom/gesture-control/.venv/lib/python3.14/site-packages/PyInstaller/utils/hooks/__init__.py:665: DeprecationWarning: `torch.distributed._sharded_tensor` will be deprecated, use `torch.distributed._shard.sharded_tensor` instead
  __import__(name)
/Users/a1111/schcool/diplom/gesture-control/.venv/lib/python3.14/site-packages/PyInstaller/utils/hooks/__init__.py:665: DeprecationWarning: `torch.distributed._shard.checkpoint` will be deprecated, use `torch.distributed.checkpoint` instead
  __import__(name)
12429 INFO: Processing standard module hook 'hook-matplotlib.py' from '/Users/a1111/schcool/diplom/gesture-control/.venv/lib/python3.14/site-packages/PyInstaller/hooks'
12590 INFO: Processing pre-safe-import-module hook 'hook-packaging.py' from '/Users/a1111/schcool/diplom/gesture-control/.venv/lib/python3.14/site-packages/PyInstaller/hooks/pre_safe_import_module'
12677 INFO: Processing pre-safe-import-module hook 'hook-gi.py' from '/Users/a1111/schcool/diplom/gesture-control/.venv/lib/python3.14/site-packages/PyInstaller/hooks/pre_safe_import_module'
12853 INFO: Processing standard module hook 'hook-matplotlib.backend_bases.py' from '/Users/a1111/schcool/diplom/gesture-control/.venv/lib/python3.14/site-packages/PyInstaller/hooks'
12970 INFO: Processing standard module hook 'hook-PIL.py' from '/Users/a1111/schcool/diplom/gesture-control/.venv/lib/python3.14/site-packages/PyInstaller/hooks'
13065 INFO: Processing standard module hook 'hook-PIL.Image.py' from '/Users/a1111/schcool/diplom/gesture-control/.venv/lib/python3.14/site-packages/PyInstaller/hooks'
13249 INFO: Processing standard module hook 'hook-xml.etree.cElementTree.py' from '/Users/a1111/schcool/diplom/gesture-control/.venv/lib/python3.14/site-packages/PyInstaller/hooks'
13416 INFO: Processing standard module hook 'hook-PIL.ImageFilter.py' from '/Users/a1111/schcool/diplom/gesture-control/.venv/lib/python3.14/site-packages/PyInstaller/hooks'
14010 INFO: Processing standard module hook 'hook-jinja2.py' from '/Users/a1111/schcool/diplom/gesture-control/.venv/lib/python3.14/site-packages/_pyinstaller_hooks_contrib/stdhooks'
14453 INFO: Processing standard module hook 'hook-matplotlib.backends.py' from '/Users/a1111/schcool/diplom/gesture-control/.venv/lib/python3.14/site-packages/PyInstaller/hooks'
14531 INFO: Processing standard module hook 'hook-matplotlib.pyplot.py' from '/Users/a1111/schcool/diplom/gesture-control/.venv/lib/python3.14/site-packages/PyInstaller/hooks'
14882 INFO: Processing standard module hook 'hook-matplotlib.figure.py' from '/Users/a1111/schcool/diplom/gesture-control/.venv/lib/python3.14/site-packages/PyInstaller/hooks'
15420 INFO: Processing standard module hook 'hook-dateutil.py' from '/Users/a1111/schcool/diplom/gesture-control/.venv/lib/python3.14/site-packages/_pyinstaller_hooks_contrib/stdhooks'
15476 INFO: Processing pre-safe-import-module hook 'hook-six.moves.py' from '/Users/a1111/schcool/diplom/gesture-control/.venv/lib/python3.14/site-packages/PyInstaller/hooks/pre_safe_import_module'
16581 INFO: Processing standard module hook 'hook-certifi.py' from '/Users/a1111/schcool/diplom/gesture-control/.venv/lib/python3.14/site-packages/_pyinstaller_hooks_contrib/stdhooks'
16829 INFO: Processing standard module hook 'hook-py.py' from '/Users/a1111/schcool/diplom/gesture-control/.venv/lib/python3.14/site-packages/_pyinstaller_hooks_contrib/stdhooks'
17052 INFO: Processing standard module hook 'hook-pygments.py' from '/Users/a1111/schcool/diplom/gesture-control/.venv/lib/python3.14/site-packages/PyInstaller/hooks'
17724 INFO: Processing pre-safe-import-module hook 'hook-tomli.py' from '/Users/a1111/schcool/diplom/gesture-control/.venv/lib/python3.14/site-packages/PyInstaller/hooks/pre_safe_import_module'
17724 INFO: Setuptools: 'tomli' appears to be a setuptools-vendored copy - creating alias to 'setuptools._vendor.tomli'!
17729 INFO: Processing standard module hook 'hook-setuptools.py' from '/Users/a1111/schcool/diplom/gesture-control/.venv/lib/python3.14/site-packages/PyInstaller/hooks'
17739 INFO: Processing pre-safe-import-module hook 'hook-distutils.py' from '/Users/a1111/schcool/diplom/gesture-control/.venv/lib/python3.14/site-packages/PyInstaller/hooks/pre_safe_import_module'
17761 INFO: Processing pre-safe-import-module hook 'hook-jaraco.py' from '/Users/a1111/schcool/diplom/gesture-control/.venv/lib/python3.14/site-packages/PyInstaller/hooks/pre_safe_import_module'
17762 INFO: Setuptools: 'jaraco' appears to be a full setuptools-vendored copy - creating alias to 'setuptools._vendor.jaraco'!
17775 INFO: Processing pre-safe-import-module hook 'hook-more_itertools.py' from '/Users/a1111/schcool/diplom/gesture-control/.venv/lib/python3.14/site-packages/PyInstaller/hooks/pre_safe_import_module'
17775 INFO: Setuptools: 'more_itertools' appears to be a setuptools-vendored copy - creating alias to 'setuptools._vendor.more_itertools'!
18128 INFO: Processing standard module hook 'hook-setuptools._vendor.jaraco.text.py' from '/Users/a1111/schcool/diplom/gesture-control/.venv/lib/python3.14/site-packages/PyInstaller/hooks'
18129 INFO: Processing pre-safe-import-module hook 'hook-importlib_resources.py' from '/Users/a1111/schcool/diplom/gesture-control/.venv/lib/python3.14/site-packages/PyInstaller/hooks/pre_safe_import_module'
18135 INFO: Processing pre-safe-import-module hook 'hook-backports.py' from '/Users/a1111/schcool/diplom/gesture-control/.venv/lib/python3.14/site-packages/PyInstaller/hooks/pre_safe_import_module'
18135 INFO: Setuptools: 'backports' appears to be a full setuptools-vendored copy - creating alias to 'setuptools._vendor.backports'!
18264 INFO: Processing pre-safe-import-module hook 'hook-importlib_metadata.py' from '/Users/a1111/schcool/diplom/gesture-control/.venv/lib/python3.14/site-packages/PyInstaller/hooks/pre_safe_import_module'
18264 INFO: Setuptools: 'importlib_metadata' appears to be a setuptools-vendored copy - creating alias to 'setuptools._vendor.importlib_metadata'!
18286 INFO: Processing standard module hook 'hook-setuptools._vendor.importlib_metadata.py' from '/Users/a1111/schcool/diplom/gesture-control/.venv/lib/python3.14/site-packages/PyInstaller/hooks'
18301 INFO: Processing pre-safe-import-module hook 'hook-zipp.py' from '/Users/a1111/schcool/diplom/gesture-control/.venv/lib/python3.14/site-packages/PyInstaller/hooks/pre_safe_import_module'
18301 INFO: Setuptools: 'zipp' appears to be a setuptools-vendored copy - creating alias to 'setuptools._vendor.zipp'!
18851 INFO: Processing pre-safe-import-module hook 'hook-wheel.py' from '/Users/a1111/schcool/diplom/gesture-control/.venv/lib/python3.14/site-packages/PyInstaller/hooks/pre_safe_import_module'
18852 INFO: Setuptools: 'wheel' appears to be a setuptools-vendored copy - creating alias to 'setuptools._vendor.wheel'!
26092 INFO: Processing standard module hook 'hook-scipy.py' from '/Users/a1111/schcool/diplom/gesture-control/.venv/lib/python3.14/site-packages/PyInstaller/hooks'
26465 INFO: Processing standard module hook 'hook-pycparser.py' from '/Users/a1111/schcool/diplom/gesture-control/.venv/lib/python3.14/site-packages/_pyinstaller_hooks_contrib/stdhooks'
27038 INFO: Processing standard module hook 'hook-scipy.linalg.py' from '/Users/a1111/schcool/diplom/gesture-control/.venv/lib/python3.14/site-packages/PyInstaller/hooks'
32108 INFO: Processing pre-safe-import-module hook 'hook-win32com.py' from '/Users/a1111/schcool/diplom/gesture-control/.venv/lib/python3.14/site-packages/_pyinstaller_hooks_contrib/pre_safe_import_module'
32431 INFO: Processing standard module hook 'hook-sqlite3.py' from '/Users/a1111/schcool/diplom/gesture-control/.venv/lib/python3.14/site-packages/PyInstaller/hooks'
34029 INFO: Processing standard module hook 'hook-scipy.special._ufuncs.py' from '/Users/a1111/schcool/diplom/gesture-control/.venv/lib/python3.14/site-packages/PyInstaller/hooks'
34164 INFO: Processing standard module hook 'hook-scipy.special._ellip_harm_2.py' from '/Users/a1111/schcool/diplom/gesture-control/.venv/lib/python3.14/site-packages/PyInstaller/hooks'
39988 INFO: Processing standard module hook 'hook-fsspec.py' from '/Users/a1111/schcool/diplom/gesture-control/.venv/lib/python3.14/site-packages/_pyinstaller_hooks_contrib/stdhooks'
41280 INFO: Processing standard module hook 'hook-urllib3.py' from '/Users/a1111/schcool/diplom/gesture-control/.venv/lib/python3.14/site-packages/_pyinstaller_hooks_contrib/stdhooks'
51690 INFO: Processing standard module hook 'hook-scipy.spatial._ckdtree.py' from '/Users/a1111/schcool/diplom/gesture-control/.venv/lib/python3.14/site-packages/PyInstaller/hooks'
52109 INFO: Processing standard module hook 'hook-scipy.spatial.transform.rotation.py' from '/Users/a1111/schcool/diplom/gesture-control/.venv/lib/python3.14/site-packages/PyInstaller/hooks'
52821 INFO: Processing standard module hook 'hook-scipy.stats._stats.py' from '/Users/a1111/schcool/diplom/gesture-control/.venv/lib/python3.14/site-packages/PyInstaller/hooks'
53268 INFO: Processing standard module hook 'hook-scipy.sparse.csgraph.py' from '/Users/a1111/schcool/diplom/gesture-control/.venv/lib/python3.14/site-packages/PyInstaller/hooks'
54974 INFO: Processing standard module hook 'hook-xml.dom.domreg.py' from '/Users/a1111/schcool/diplom/gesture-control/.venv/lib/python3.14/site-packages/PyInstaller/hooks'
/Users/a1111/schcool/diplom/gesture-control/.venv/lib/python3.14/site-packages/sympy/testing/runtests.py:283: SyntaxWarning: 'return' in a 'finally' block
  return p.returncode
56306 INFO: Processing standard module hook 'hook-scipy.io.matlab.py' from '/Users/a1111/schcool/diplom/gesture-control/.venv/lib/python3.14/site-packages/PyInstaller/hooks'
58044 INFO: Processing standard module hook 'hook-sounddevice.py' from '/Users/a1111/schcool/diplom/gesture-control/.venv/lib/python3.14/site-packages/_pyinstaller_hooks_contrib/stdhooks'
58049 INFO: Processing pre-safe-import-module hook 'hook-tensorflow.py' from '/Users/a1111/schcool/diplom/gesture-control/.venv/lib/python3.14/site-packages/_pyinstaller_hooks_contrib/pre_safe_import_module'
59452 INFO: Processing standard module hook 'hook-PySide6.py' from '/Users/a1111/schcool/diplom/gesture-control/.venv/lib/python3.14/site-packages/PyInstaller/hooks'
59584 INFO: Processing standard module hook 'hook-shiboken6.py' from '/Users/a1111/schcool/diplom/gesture-control/.venv/lib/python3.14/site-packages/PyInstaller/hooks'
59808 INFO: Processing standard module hook 'hook-PySide6.QtNetwork.py' from '/Users/a1111/schcool/diplom/gesture-control/.venv/lib/python3.14/site-packages/PyInstaller/hooks'
60870 INFO: Processing standard module hook 'hook-PySide6.QtCore.py' from '/Users/a1111/schcool/diplom/gesture-control/.venv/lib/python3.14/site-packages/PyInstaller/hooks'
62126 INFO: Processing standard module hook 'hook-PySide6.QtGui.py' from '/Users/a1111/schcool/diplom/gesture-control/.venv/lib/python3.14/site-packages/PyInstaller/hooks'
63242 INFO: Processing standard module hook 'hook-PySide6.QtWidgets.py' from '/Users/a1111/schcool/diplom/gesture-control/.venv/lib/python3.14/site-packages/PyInstaller/hooks'
63550 INFO: Processing module hooks (post-graph stage)...
70263 WARNING: Hidden import "pycparser.lextab" not found!
70263 WARNING: Hidden import "pycparser.yacctab" not found!
70565 WARNING: Hidden import "scipy.special._cdflib" not found!
70825 INFO: Processing standard module hook 'hook-PIL.SpiderImagePlugin.py' from '/Users/a1111/schcool/diplom/gesture-control/.venv/lib/python3.14/site-packages/PyInstaller/hooks'
70861 INFO: Processing standard module hook 'hook-matplotlib.backends.py' from '/Users/a1111/schcool/diplom/gesture-control/.venv/lib/python3.14/site-packages/PyInstaller/hooks'
70862 INFO: Matplotlib backend selection method: user-provided name(s)
71079 INFO: Selected matplotlib backends: ['Agg']
71080 INFO: Extra dists for selected matplotlib backends: []
71196 INFO: Processing standard module hook 'hook-PySide6.QtDBus.py' from '/Users/a1111/schcool/diplom/gesture-control/.venv/lib/python3.14/site-packages/PyInstaller/hooks'
72991 INFO: Performing binary vs. data reclassification (396 entries)
73145 INFO: Looking for ctypes DLLs
73185 WARNING: Library user32 required via ctypes not found
73197 WARNING: Library libcuda.so.1 required via ctypes not found
73198 WARNING: Library libhiprtc.so required via ctypes not found
73198 WARNING: Library libamdhip64.so required via ctypes not found
73208 WARNING: Library libnvidia-ml.so.1 required via ctypes not found
73230 WARNING: Library libc.so.6 required via ctypes not found
73252 WARNING: Ignoring /usr/lib64/libgomp.so.1 imported from /Users/a1111/schcool/diplom/gesture-control/.venv/lib/python3.14/site-packages/torch/_inductor/codecache.py - only basenames are supported with ctypes imports!
73434 WARNING: Ignoring /System/Library/Frameworks/ApplicationServices.framework/ApplicationServices imported from /Users/a1111/schcool/diplom/gesture-control/gesture_system/actions.py - only basenames are supported with ctypes imports!
73503 INFO: Analyzing run-time hooks ...
73516 INFO: Including run-time hook 'pyi_rth_inspect.py' from '/Users/a1111/schcool/diplom/gesture-control/.venv/lib/python3.14/site-packages/PyInstaller/hooks/rthooks'
73518 INFO: Including run-time hook 'pyi_rth_pkgutil.py' from '/Users/a1111/schcool/diplom/gesture-control/.venv/lib/python3.14/site-packages/PyInstaller/hooks/rthooks'
73520 INFO: Including run-time hook 'pyi_rth_multiprocessing.py' from '/Users/a1111/schcool/diplom/gesture-control/.venv/lib/python3.14/site-packages/PyInstaller/hooks/rthooks'
73521 INFO: Including run-time hook 'pyi_rth_setuptools.py' from '/Users/a1111/schcool/diplom/gesture-control/.venv/lib/python3.14/site-packages/PyInstaller/hooks/rthooks'
73522 INFO: Including run-time hook 'pyi_rth_mplconfig.py' from '/Users/a1111/schcool/diplom/gesture-control/.venv/lib/python3.14/site-packages/PyInstaller/hooks/rthooks'
73523 INFO: Processing pre-find-module-path hook 'hook-_pyi_rth_utils.py' from '/Users/a1111/schcool/diplom/gesture-control/.venv/lib/python3.14/site-packages/PyInstaller/hooks/pre_find_module_path'
73524 INFO: Processing standard module hook 'hook-_pyi_rth_utils.py' from '/Users/a1111/schcool/diplom/gesture-control/.venv/lib/python3.14/site-packages/PyInstaller/hooks'
73525 INFO: Including run-time hook 'pyi_rth_pyside6.py' from '/Users/a1111/schcool/diplom/gesture-control/.venv/lib/python3.14/site-packages/PyInstaller/hooks/rthooks'
73576 INFO: Creating base_library.zip...
73587 INFO: Looking for dynamic libraries
74688 INFO: Warnings written to /Users/a1111/schcool/diplom/gesture-control/build/desktop/GestureControl/warn-GestureControl.txt
74836 INFO: Graph cross-reference written to /Users/a1111/schcool/diplom/gesture-control/build/desktop/GestureControl/xref-GestureControl.html
75308 INFO: checking PYZ
75308 INFO: Building PYZ because PYZ-00.toc is non existent
75308 INFO: Building PYZ (ZlibArchive) /Users/a1111/schcool/diplom/gesture-control/build/desktop/GestureControl/PYZ-00.pyz
78598 INFO: Building PYZ (ZlibArchive) /Users/a1111/schcool/diplom/gesture-control/build/desktop/GestureControl/PYZ-00.pyz completed successfully.
78656 INFO: EXE target arch: arm64
78656 INFO: Code signing identity: None
78657 INFO: checking PKG
78657 INFO: Building PKG because PKG-00.toc is non existent
78657 INFO: Building PKG (CArchive) GestureControl.pkg
78684 INFO: Building PKG (CArchive) GestureControl.pkg completed successfully.
78685 INFO: Bootloader /Users/a1111/schcool/diplom/gesture-control/.venv/lib/python3.14/site-packages/PyInstaller/bootloader/Darwin-64bit/runw
78685 INFO: checking EXE
78685 INFO: Building EXE because EXE-00.toc is non existent
78685 INFO: Building EXE from EXE-00.toc
78685 INFO: Copying bootloader EXE to /Users/a1111/schcool/diplom/gesture-control/build/desktop/GestureControl/GestureControl
78689 INFO: Converting EXE to target arch (arm64)
78711 INFO: Removing signature(s) from EXE
78724 INFO: Modifying Mach-O image UUID(s) in EXE
78749 INFO: Appending PKG archive to EXE
78765 INFO: Fixing EXE headers for code signing
78768 INFO: Rewriting the executable's macOS SDK version (26.2.0) to match the SDK version of the Python library (15.4.0) in order to avoid inconsistent behavior and potential UI issues in the frozen application.
78768 INFO: Re-signing the EXE
78841 INFO: Building EXE from EXE-00.toc completed successfully.
78854 INFO: checking COLLECT
78854 INFO: Building COLLECT because COLLECT-00.toc is non existent
78855 INFO: Removing dir /Users/a1111/schcool/diplom/gesture-control/dist/GestureControl
78855 INFO: Building COLLECT COLLECT-00.toc
94892 INFO: Building COLLECT COLLECT-00.toc completed successfully.
94939 INFO: checking BUNDLE
94939 INFO: Building BUNDLE because BUNDLE-00.toc is non existent
94939 INFO: Building BUNDLE BUNDLE-00.toc
103901 INFO: Signing the BUNDLE...
105473 INFO: Building BUNDLE BUNDLE-00.toc completed successfully.
105507 INFO: Build complete! The results are available in: /Users/a1111/schcool/diplom/gesture-control/dist
